========================================================================
  V1 vs V2 COMPARISON — same architecture, different data
========================================================================

[load] v1 parquet + v2 parquet
    v1: 36,342 matches (2018-01-01 → 2024-12-18)
    v2: 72,133 matches (2018-01-01 → 2026-04-12)

[holdout] 1,264 ATP tour matches from 2025-10-01 → 2026-04-12

[train] v1 source: 36,342 matches (through 2024-12-18)
[train] v2 source: 67,343 matches (through 2025-09-29)

[index] Building V1 stats engine…
[index] Building V2 stats engine…

[v1] Building TRAIN features on 2,500 sampled matches…
    [v1-train] 0/2,500 (0.0%, 0s)
    [v1-train] 500/2,500 (20.0%, 20s)
    [v1-train] 1,000/2,500 (40.0%, 42s)
    [v1-train] 1,500/2,500 (60.0%, 65s)
    [v1-train] 2,000/2,500 (80.0%, 83s)
    [v1-train] ✓ 2,500 rows built in 105s
    usable: 2,446

[v2] Building TRAIN features on 2,500 sampled matches…
    [v2-train] 0/2,500 (0.0%, 0s)
    [v2-train] 500/2,500 (20.0%, 24s)
    [v2-train] 1,000/2,500 (40.0%, 40s)
    [v2-train] 1,500/2,500 (60.0%, 53s)
    [v2-train] 2,000/2,500 (80.0%, 65s)
    [v2-train] ✓ 2,500 rows built in 80s
    usable: 2,463

[train] V1 model…
[train] V2 model…

[test] Building V1 test features (using v1 stats source — stale)…
    [v1-test] 0/1,264 (0.0%, 0s)
    [v1-test] 500/1,264 (39.6%, 12s)
    [v1-test] 1,000/1,264 (79.1%, 22s)
    [v1-test] ✓ 1,264 rows built in 28s
[test] Building V2 test features (using v2 stats source — fresh)…
    [v2-test] 0/1,264 (0.0%, 0s)
    [v2-test] 500/1,264 (39.6%, 17s)
    [v2-test] 1,000/1,264 (79.1%, 31s)
    [v2-test] ✓ 1,264 rows built in 44s

[score] shared test matches: 1,264

✓ Report → /sessions/busy-affectionate-darwin/mnt/Tennisbettingsystem/v2_research/reports/model_metrics.md
✓ V1 model → /sessions/busy-affectionate-darwin/mnt/Tennisbettingsystem/v2_research/models/baseline_v1.pkl
✓ V2 model → /sessions/busy-affectionate-darwin/mnt/Tennisbettingsystem/v2_research/models/tennis_xgb_v2.pkl

========================================================================
  V1 WINS  |  AUC: 0.656 → 0.5198 (Δ -0.1362)  |  Brier: 0.2349 → 0.2618 (Δ +0.0269)
========================================================================
